2026-08-08 01:17:46   In order to get an optimal performance, hyperthreading is ignored for parallel
                      computations.

                      ------------------------------------------------------------------------------
2026-08-08 01:17:47   
                      ------------------------------------------------------------------------------
2026-08-08 01:17:49   Units settings: 

                        Dimensions: um
                        Frequency:  THz
                        Time:       ps

                      ------------------------------------------------------------------------------
2026-08-08 01:17:49   Boundary conditions: 

                        YZsymmetry: none
                        XZsymmetry: none
                        XYsymmetry: none

                        Xmin: unit cell
                        Xmax: unit cell

                        Ymin: unit cell
                        Ymax: unit cell

                        Zmin: expanded open
                        Zmax: expanded open

                      ------------------------------------------------------------------------------
2026-08-08 01:17:49   Order settings: 

                        Solver order   : 2nd (constant)
                        Curved elements: up to order 3 (automatic)

                      ------------------------------------------------------------------------------
2026-08-08 01:17:49     Mesh time                :	1 s


                      ------------------------------------------------------------------------------
2026-08-08 01:17:50   
                      ================================================================================
                      Frequency Domain Solver calculation cycle started

                      ------------------------------------------------------------------------------
2026-08-08 01:17:50   Solver started at: 2026-08-08 01:17:50 -0400

                        Module:  Frequency Domain: S-Parameter (Win 64)
                        Version: 2026.0 Release from 2025-08-29 (change 1465899)

                        Free disk space at solver start is 316 GB.


                      ------------------------------------------------------------------------------
2026-08-08 01:17:50   An iterative solver will be used first.

                      ------------------------------------------------------------------------------
2026-08-08 01:17:50   The wavelength based mesh refinement has been applied to 15.9% of all mesh edges.

                      ------------------------------------------------------------------------------
2026-08-08 01:17:50   The low frequency stabilization is not applied to periodic problems.

                      ------------------------------------------------------------------------------
2026-08-08 01:17:50     Calculation 1 (Frequency: 34 THz, Theta: 0, Phi: 0)


                      ------------------------------------------------------------------------------
2026-08-08 01:17:50   Running the PortModeSolver.

                      ------------------------------------------------------------------------------
2026-08-08 01:17:52   Adaptive mesh refinement pass 1

                      ------------------------------------------------------------------------------
2026-08-08 01:17:53     Matrix setup time        :	0 s
                        Degrees of freedom       :	49508
                        Number of mesh cells     :	7332

                        Stimulation port         :	Zmin
                        Mode number              :	1
                        Accuracy                 :	5.90643e-05
                        Iterations               :	15
                        Solver time              :	0 s


                      ------------------------------------------------------------------------------
2026-08-08 01:17:53   9% of all mesh edges seem to be longer than expected. The adaptive mesh refinement's growth limitation will therefore 
                      use 11722 instead of 3628 mesh cells as a reference.

                      ------------------------------------------------------------------------------
2026-08-08 01:17:54   Adaptive mesh refinement pass 2

                      ------------------------------------------------------------------------------
2026-08-08 01:17:54     Matrix setup time        :	0 s
                        Degrees of freedom       :	74362
                        Number of mesh cells     :	11017

                        Stimulation port         :	Zmin
                        Mode number              :	1
                        Accuracy                 :	8.53074e-05
                        Iterations               :	15
                        Solver time              :	0 s


                      ------------------------------------------------------------------------------
2026-08-08 01:17:54     Delta calculation        
2026-08-08 01:17:54     All S-Parameters         :	0.0105644
2026-08-08 01:17:54   

                      ------------------------------------------------------------------------------
2026-08-08 01:17:55   Adaptive mesh refinement pass 3

                      ------------------------------------------------------------------------------
2026-08-08 01:17:56     Matrix setup time        :	0 s
                        Degrees of freedom       :	98756
                        Number of mesh cells     :	14646

                        Stimulation port         :	Zmin
                        Mode number              :	1
                        Accuracy                 :	8.97631e-05
                        Iterations               :	14
                        Solver time              :	0 s


                      ------------------------------------------------------------------------------
2026-08-08 01:17:56     Delta calculation        
2026-08-08 01:17:56     All S-Parameters         :	0.0048315
2026-08-08 01:17:56   

                      ------------------------------------------------------------------------------
2026-08-08 01:17:56   Mesh adaptation terminated because the desired accuracy limit is reached.

                      ------------------------------------------------------------------------------
2026-08-08 01:17:56     Total time               :	5 s

                      ------------------------------------------------------------------------------
2026-08-08 01:17:56   

                      ------------------------------------------------------------------------------
2026-08-08 01:17:56     Calculation 2 (Frequency: 10 THz, Theta: 0, Phi: 0)


                      ------------------------------------------------------------------------------
2026-08-08 01:17:56   Running the PortModeSolver.

                      ------------------------------------------------------------------------------
2026-08-08 01:17:57   Adaptive mesh refinement pass 1

                      ------------------------------------------------------------------------------
2026-08-08 01:17:57     Matrix setup time        :	0 s
                        Degrees of freedom       :	98756
                        Number of mesh cells     :	14646

                        Stimulation port         :	Zmin
                        Mode number              :	1
                        Accuracy                 :	8.82757e-05
                        Iterations               :	6
                        Solver time              :	0 s


                      ------------------------------------------------------------------------------
2026-08-08 01:17:58   Adaptive mesh refinement pass 2

                      ------------------------------------------------------------------------------
2026-08-08 01:17:59     Matrix setup time        :	0 s
                        Degrees of freedom       :	122376
                        Number of mesh cells     :	18263

                        Stimulation port         :	Zmin
                        Mode number              :	1
                        Accuracy                 :	8.60665e-05
                        Iterations               :	6
                        Solver time              :	0 s


                      ------------------------------------------------------------------------------
2026-08-08 01:17:59     Delta calculation        
2026-08-08 01:17:59     All S-Parameters         :	2.74871e-05
2026-08-08 01:17:59   

                      ------------------------------------------------------------------------------
2026-08-08 01:17:59   Adaptive mesh refinement pass 3

                      ------------------------------------------------------------------------------
2026-08-08 01:18:00     Matrix setup time        :	0 s
                        Degrees of freedom       :	146600
                        Number of mesh cells     :	21921

                        Stimulation port         :	Zmin
                        Mode number              :	1
                        Accuracy                 :	6.46075e-05
                        Iterations               :	6
                        Solver time              :	0 s


                      ------------------------------------------------------------------------------
2026-08-08 01:18:00     Delta calculation        
2026-08-08 01:18:00     All S-Parameters         :	4.68294e-05
2026-08-08 01:18:00   

                      ------------------------------------------------------------------------------
2026-08-08 01:18:00   Mesh adaptation terminated because the desired accuracy limit is reached.

                      ------------------------------------------------------------------------------
2026-08-08 01:18:01     Total time               :	4 s

                      ------------------------------------------------------------------------------
2026-08-08 01:18:01   

                      ------------------------------------------------------------------------------
2026-08-08 01:18:01     Calculation 3 (Frequency: 22 THz, Theta: 0, Phi: 0)


                      ------------------------------------------------------------------------------
2026-08-08 01:18:01   Running the PortModeSolver.

                      ------------------------------------------------------------------------------
2026-08-08 01:18:02   Adaptive mesh refinement pass 1

                      ------------------------------------------------------------------------------
2026-08-08 01:18:03     Matrix setup time        :	0 s
                        Degrees of freedom       :	146600
                        Number of mesh cells     :	21921

                        Stimulation port         :	Zmin
                        Mode number              :	1
                        Accuracy                 :	8.25387e-05
                        Iterations               :	8
                        Solver time              :	0 s


                      ------------------------------------------------------------------------------
2026-08-08 01:18:03   Adaptive mesh refinement pass 2

                      ------------------------------------------------------------------------------
2026-08-08 01:18:05     Matrix setup time        :	0 s
                        Degrees of freedom       :	170740
                        Number of mesh cells     :	25608

                        Stimulation port         :	Zmin
                        Mode number              :	1
                        Accuracy                 :	5.76408e-05
                        Iterations               :	8
                        Solver time              :	0 s


                      ------------------------------------------------------------------------------
2026-08-08 01:18:05     Delta calculation        
2026-08-08 01:18:05     All S-Parameters         :	0.000260447
2026-08-08 01:18:05   

                      ------------------------------------------------------------------------------
2026-08-08 01:18:05   Adaptive mesh refinement pass 3

                      ------------------------------------------------------------------------------
2026-08-08 01:18:07     Matrix setup time        :	0 s
                        Degrees of freedom       :	195062
                        Number of mesh cells     :	29290

                        Stimulation port         :	Zmin
                        Mode number              :	1
                        Accuracy                 :	5.927e-05
                        Iterations               :	8
                        Solver time              :	0 s


                      ------------------------------------------------------------------------------
2026-08-08 01:18:07     Delta calculation        
2026-08-08 01:18:07     All S-Parameters         :	0.000203783
2026-08-08 01:18:07   

                      ------------------------------------------------------------------------------
2026-08-08 01:18:07   Mesh adaptation terminated because the desired accuracy limit is reached.

                      ------------------------------------------------------------------------------
2026-08-08 01:18:07     Total time               :	6 s

                      ------------------------------------------------------------------------------
2026-08-08 01:18:07   

                      ------------------------------------------------------------------------------
2026-08-08 01:18:07     Calculation 4 (Frequency: 18.5497 THz, Theta: 0, Phi: 0)


                      ------------------------------------------------------------------------------
2026-08-08 01:18:07   Running the PortModeSolver.

                      ------------------------------------------------------------------------------
2026-08-08 01:18:08   Adaptive mesh refinement pass 1

                      ------------------------------------------------------------------------------
2026-08-08 01:18:10     Matrix setup time        :	0 s
                        Degrees of freedom       :	195062
                        Number of mesh cells     :	29290

                        Stimulation port         :	Zmin
                        Mode number              :	1
                        Accuracy                 :	4.16269e-05
                        Iterations               :	11
                        Solver time              :	0 s


                      ------------------------------------------------------------------------------
2026-08-08 01:18:10   Adaptive mesh refinement pass 2

                      ------------------------------------------------------------------------------
2026-08-08 01:18:12     Matrix setup time        :	0 s
                        Degrees of freedom       :	219028
                        Number of mesh cells     :	32944

                        Stimulation port         :	Zmin
                        Mode number              :	1
                        Accuracy                 :	8.02903e-05
                        Iterations               :	8
                        Solver time              :	0 s


                      ------------------------------------------------------------------------------
2026-08-08 01:18:12     Delta calculation        
2026-08-08 01:18:12     All S-Parameters         :	0.000303047
2026-08-08 01:18:12   

                      ------------------------------------------------------------------------------
2026-08-08 01:18:13   Adaptive mesh refinement pass 3

                      ------------------------------------------------------------------------------
2026-08-08 01:18:15     Matrix setup time        :	0 s
                        Degrees of freedom       :	242854
                        Number of mesh cells     :	36594

                        Stimulation port         :	Zmin
                        Mode number              :	1
                        Accuracy                 :	6.72787e-05
                        Iterations               :	9
                        Solver time              :	1 s


                      ------------------------------------------------------------------------------
2026-08-08 01:18:15     Delta calculation        
2026-08-08 01:18:15     All S-Parameters         :	0.000367763
2026-08-08 01:18:15   

                      ------------------------------------------------------------------------------
2026-08-08 01:18:15   Mesh adaptation terminated because the desired accuracy limit is reached.

                      ------------------------------------------------------------------------------
2026-08-08 01:18:15     Total time               :	8 s

                      ------------------------------------------------------------------------------
2026-08-08 01:18:15   

                      ------------------------------------------------------------------------------
2026-08-08 01:18:15     Calculation 5 (Frequency: 18.9244 THz, Theta: 0, Phi: 0)


                      ------------------------------------------------------------------------------
2026-08-08 01:18:15   Running the PortModeSolver.

                      ------------------------------------------------------------------------------
2026-08-08 01:18:16   Adaptive mesh refinement pass 1

                      ------------------------------------------------------------------------------
2026-08-08 01:18:18     Matrix setup time        :	0 s
                        Degrees of freedom       :	242854
                        Number of mesh cells     :	36594

                        Stimulation port         :	Zmin
                        Mode number              :	1
                        Accuracy                 :	4.0667e-05
                        Iterations               :	6
                        Solver time              :	0 s


                      ------------------------------------------------------------------------------
2026-08-08 01:18:19   Adaptive mesh refinement pass 2

                      ------------------------------------------------------------------------------
2026-08-08 01:18:21     Matrix setup time        :	0 s
                        Degrees of freedom       :	266982
                        Number of mesh cells     :	40275

                        Stimulation port         :	Zmin
                        Mode number              :	1
                        Accuracy                 :	8.05317e-05
                        Iterations               :	8
                        Solver time              :	1 s


                      ------------------------------------------------------------------------------
2026-08-08 01:18:21     Delta calculation        
2026-08-08 01:18:21     All S-Parameters         :	0.000533842
2026-08-08 01:18:21   

                      ------------------------------------------------------------------------------
2026-08-08 01:18:22   Adaptive mesh refinement pass 3

                      ------------------------------------------------------------------------------
2026-08-08 01:18:24     Matrix setup time        :	0 s
                        Degrees of freedom       :	290632
                        Number of mesh cells     :	43917

                        Stimulation port         :	Zmin
                        Mode number              :	1
                        Accuracy                 :	6.5521e-05
                        Iterations               :	8
                        Solver time              :	1 s


                      ------------------------------------------------------------------------------
2026-08-08 01:18:24     Delta calculation        
2026-08-08 01:18:24     All S-Parameters         :	0.00013635
2026-08-08 01:18:24   

                      ------------------------------------------------------------------------------
2026-08-08 01:18:24   Mesh adaptation terminated because the desired accuracy limit is reached.

                      ------------------------------------------------------------------------------
2026-08-08 01:18:24     Total time               :	9 s

                      ------------------------------------------------------------------------------
2026-08-08 01:18:24   

                      ------------------------------------------------------------------------------
2026-08-08 01:18:24     Calculation 6 (Frequency: 26.3108 THz, Theta: 0, Phi: 0)


                      ------------------------------------------------------------------------------
2026-08-08 01:18:24   Running the PortModeSolver.

                      ------------------------------------------------------------------------------
2026-08-08 01:18:26   Adaptive mesh refinement pass 1

                      ------------------------------------------------------------------------------
2026-08-08 01:18:28     Matrix setup time        :	0 s
                        Degrees of freedom       :	290632
                        Number of mesh cells     :	43917

                        Stimulation port         :	Zmin
                        Mode number              :	1
                        Accuracy                 :	7.20858e-05
                        Iterations               :	9
                        Solver time              :	1 s


                      ------------------------------------------------------------------------------
2026-08-08 01:18:29   Adaptive mesh refinement pass 2

                      ------------------------------------------------------------------------------
2026-08-08 01:18:32     Matrix setup time        :	0 s
                        Degrees of freedom       :	314450
                        Number of mesh cells     :	47573

                        Stimulation port         :	Zmin
                        Mode number              :	1
                        Accuracy                 :	7.9571e-05
                        Iterations               :	9
                        Solver time              :	1 s


                      ------------------------------------------------------------------------------
2026-08-08 01:18:32     Delta calculation        
2026-08-08 01:18:32     All S-Parameters         :	0.00102206
2026-08-08 01:18:32   

                      ------------------------------------------------------------------------------
2026-08-08 01:18:33   Adaptive mesh refinement pass 3

                      ------------------------------------------------------------------------------
2026-08-08 01:18:36     Matrix setup time        :	0 s
                        Degrees of freedom       :	337982
                        Number of mesh cells     :	51206

                        Stimulation port         :	Zmin
                        Mode number              :	1
                        Accuracy                 :	5.35112e-05
                        Iterations               :	9
                        Solver time              :	1 s


                      ------------------------------------------------------------------------------
2026-08-08 01:18:36     Delta calculation        
2026-08-08 01:18:36     All S-Parameters         :	0.00032322
2026-08-08 01:18:36   

                      ------------------------------------------------------------------------------
2026-08-08 01:18:36   Mesh adaptation terminated because the desired accuracy limit is reached.

                      ------------------------------------------------------------------------------
2026-08-08 01:18:36     Total time               :	11 s

                      ------------------------------------------------------------------------------
2026-08-08 01:18:36   

                      ------------------------------------------------------------------------------
2026-08-08 01:18:36     Calculation 7 (Frequency: 26.4982 THz, Theta: 0, Phi: 0)


                      ------------------------------------------------------------------------------
2026-08-08 01:18:36   Running the PortModeSolver.

                      ------------------------------------------------------------------------------
2026-08-08 01:18:37   Adaptive mesh refinement pass 1

                      ------------------------------------------------------------------------------
2026-08-08 01:18:40     Matrix setup time        :	0 s
                        Degrees of freedom       :	337982
                        Number of mesh cells     :	51206

                        Stimulation port         :	Zmin
                        Mode number              :	1
                        Accuracy                 :	6.63071e-05
                        Iterations               :	16
                        Solver time              :	2 s


                      ------------------------------------------------------------------------------
2026-08-08 01:18:42   Adaptive mesh refinement pass 2

                      ------------------------------------------------------------------------------
2026-08-08 01:18:47     Matrix setup time        :	0 s
                        Degrees of freedom       :	361466
                        Number of mesh cells     :	54833

                        Stimulation port         :	Zmin
                        Mode number              :	1
                        Accuracy                 :	7.08286e-05
                        Iterations               :	20
                        Solver time              :	3 s


                      ------------------------------------------------------------------------------
2026-08-08 01:18:47     Delta calculation        
2026-08-08 01:18:47     All S-Parameters         :	0.000396705
2026-08-08 01:18:47   

                      ------------------------------------------------------------------------------
2026-08-08 01:18:48   Adaptive mesh refinement pass 3

                      ------------------------------------------------------------------------------
2026-08-08 01:18:54     Matrix setup time        :	0 s
                        Degrees of freedom       :	385108
                        Number of mesh cells     :	58464

                        Stimulation port         :	Zmin
                        Mode number              :	1
                        Accuracy                 :	8.97989e-05
                        Iterations               :	22
                        Solver time              :	4 s


                      ------------------------------------------------------------------------------
2026-08-08 01:18:54     Delta calculation        
2026-08-08 01:18:54     All S-Parameters         :	0.000266556
2026-08-08 01:18:54   

                      ------------------------------------------------------------------------------
2026-08-08 01:18:54   Mesh adaptation terminated because the desired accuracy limit is reached.

                      ------------------------------------------------------------------------------
2026-08-08 01:18:54     Total time               :	17 s

                      ------------------------------------------------------------------------------
2026-08-08 01:18:54   

                      ------------------------------------------------------------------------------
2026-08-08 01:18:54     Calculation 8 (Frequency: 24.448 THz, Theta: 0, Phi: 0)


                      ------------------------------------------------------------------------------
2026-08-08 01:18:54   Running the PortModeSolver.

                      ------------------------------------------------------------------------------
2026-08-08 01:18:55   Adaptive mesh refinement pass 1

                      ------------------------------------------------------------------------------
2026-08-08 01:18:58     Matrix setup time        :	0 s
                        Degrees of freedom       :	385108
                        Number of mesh cells     :	58464

                        Stimulation port         :	Zmin
                        Mode number              :	1
                        Accuracy                 :	5.65464e-05
                        Iterations               :	8
                        Solver time              :	1 s


                      ------------------------------------------------------------------------------
2026-08-08 01:18:59   Adaptive mesh refinement pass 2

                      ------------------------------------------------------------------------------
2026-08-08 01:19:02     Matrix setup time        :	0 s
                        Solver setup             :	1 s
                        Degrees of freedom       :	408712
                        Number of mesh cells     :	62111

                        Stimulation port         :	Zmin
                        Mode number              :	1
                        Accuracy                 :	7.85273e-05
                        Iterations               :	7
                        Solver time              :	1 s


                      ------------------------------------------------------------------------------
2026-08-08 01:19:03     Delta calculation        
2026-08-08 01:19:03     All S-Parameters         :	0.000596017
2026-08-08 01:19:03   

                      ------------------------------------------------------------------------------
2026-08-08 01:19:04   Adaptive mesh refinement pass 3

                      ------------------------------------------------------------------------------
2026-08-08 01:19:07     Matrix setup time        :	0 s
                        Solver setup             :	1 s
                        Degrees of freedom       :	432276
                        Number of mesh cells     :	65742

                        Stimulation port         :	Zmin
                        Mode number              :	1
                        Accuracy                 :	9.17321e-05
                        Iterations               :	7
                        Solver time              :	1 s


                      ------------------------------------------------------------------------------
2026-08-08 01:19:08     Delta calculation        
2026-08-08 01:19:08     All S-Parameters         :	7.15265e-05
2026-08-08 01:19:08   

                      ------------------------------------------------------------------------------
2026-08-08 01:19:08   Mesh adaptation terminated because the desired accuracy limit is reached.

                      ------------------------------------------------------------------------------
2026-08-08 01:19:08     Total time               :	13 s

                      ------------------------------------------------------------------------------
2026-08-08 01:19:08   

                      ------------------------------------------------------------------------------
2026-08-08 01:19:08     Calculation 9 (Frequency: 15.712 THz, Theta: 0, Phi: 0)


                      ------------------------------------------------------------------------------
2026-08-08 01:19:08   Running the PortModeSolver.

                      ------------------------------------------------------------------------------
2026-08-08 01:19:09   Adaptive mesh refinement pass 1

                      ------------------------------------------------------------------------------
2026-08-08 01:19:12     Matrix setup time        :	0 s
                        Degrees of freedom       :	432276
                        Number of mesh cells     :	65742

                        Stimulation port         :	Zmin
                        Mode number              :	1
                        Accuracy                 :	8.79354e-05
                        Iterations               :	7
                        Solver time              :	1 s


                      ------------------------------------------------------------------------------
2026-08-08 01:19:13   Adaptive mesh refinement pass 2

                      ------------------------------------------------------------------------------
2026-08-08 01:19:18     Matrix setup time        :	0 s
                        Solver setup             :	1 s
                        Degrees of freedom       :	455824
                        Number of mesh cells     :	69376

                        Stimulation port         :	Zmin
                        Mode number              :	1
                        Accuracy                 :	6.86067e-05
                        Iterations               :	7
                        Solver time              :	1 s


                      ------------------------------------------------------------------------------
2026-08-08 01:19:18     Delta calculation        
2026-08-08 01:19:18     All S-Parameters         :	2.68419e-06
2026-08-08 01:19:18   

                      ------------------------------------------------------------------------------
2026-08-08 01:19:19   Adaptive mesh refinement pass 3

                      ------------------------------------------------------------------------------
2026-08-08 01:19:24     Matrix setup time        :	1 s
                        Solver setup             :	1 s
                        Degrees of freedom       :	479526
                        Number of mesh cells     :	73010

                        Stimulation port         :	Zmin
                        Mode number              :	1
                        Accuracy                 :	7.19431e-05
                        Iterations               :	7
                        Solver time              :	2 s


                      ------------------------------------------------------------------------------
2026-08-08 01:19:24     Delta calculation        
2026-08-08 01:19:24     All S-Parameters         :	3.85237e-05
2026-08-08 01:19:24   

                      ------------------------------------------------------------------------------
2026-08-08 01:19:24   Mesh adaptation terminated because the desired accuracy limit is reached.

                      ------------------------------------------------------------------------------
2026-08-08 01:19:24     Total time               :	16 s

                      ------------------------------------------------------------------------------
2026-08-08 01:19:24   

                      ------------------------------------------------------------------------------
2026-08-08 01:19:24     Calculation 10 (Frequency: 20.656 THz, Theta: 0, Phi: 0)


                      ------------------------------------------------------------------------------
2026-08-08 01:19:24   Running the PortModeSolver.

                      ------------------------------------------------------------------------------
2026-08-08 01:19:26   Adaptive mesh refinement pass 1

                      ------------------------------------------------------------------------------
2026-08-08 01:19:30     Matrix setup time        :	0 s
                        Solver setup             :	1 s
                        Degrees of freedom       :	479526
                        Number of mesh cells     :	73010

                        Stimulation port         :	Zmin
                        Mode number              :	1
                        Accuracy                 :	8.09186e-05
                        Iterations               :	8
                        Solver time              :	2 s


                      ------------------------------------------------------------------------------
2026-08-08 01:19:31   Adaptive mesh refinement pass 2

                      ------------------------------------------------------------------------------
2026-08-08 01:19:36     Matrix setup time        :	1 s
                        Solver setup             :	1 s
                        Degrees of freedom       :	503434
                        Number of mesh cells     :	76668

                        Stimulation port         :	Zmin
                        Mode number              :	1
                        Accuracy                 :	9.55365e-05
                        Iterations               :	7
                        Solver time              :	2 s


                      ------------------------------------------------------------------------------
2026-08-08 01:19:37     Delta calculation        
2026-08-08 01:19:37     All S-Parameters         :	0.000389463
2026-08-08 01:19:37   

                      ------------------------------------------------------------------------------
2026-08-08 01:19:38   Adaptive mesh refinement pass 3

                      ------------------------------------------------------------------------------
2026-08-08 01:19:43     Matrix setup time        :	1 s
                        Solver setup             :	1 s
                        Degrees of freedom       :	527228
                        Number of mesh cells     :	80319

                        Stimulation port         :	Zmin
                        Mode number              :	1
                        Accuracy                 :	6.62378e-05
                        Iterations               :	7
                        Solver time              :	2 s


                      ------------------------------------------------------------------------------
2026-08-08 01:19:43     Delta calculation        
2026-08-08 01:19:43     All S-Parameters         :	0.000177014
2026-08-08 01:19:43   

                      ------------------------------------------------------------------------------
2026-08-08 01:19:43   Mesh adaptation terminated because the desired accuracy limit is reached.

                      ------------------------------------------------------------------------------
2026-08-08 01:19:43     Total time               :	18 s

                      ------------------------------------------------------------------------------
2026-08-08 01:19:43   

                      ------------------------------------------------------------------------------
2026-08-08 01:19:43     Calculation 11 (Frequency: 17.296 THz, Theta: 0, Phi: 0)


                      ------------------------------------------------------------------------------
2026-08-08 01:19:43   Running the PortModeSolver.

                      ------------------------------------------------------------------------------
2026-08-08 01:19:44   Adaptive mesh refinement pass 1

                      ------------------------------------------------------------------------------
2026-08-08 01:19:48     Matrix setup time        :	0 s
                        Solver setup             :	1 s
                        Degrees of freedom       :	527228
                        Number of mesh cells     :	80319

                        Stimulation port         :	Zmin
                        Mode number              :	1
                        Accuracy                 :	7.52449e-05
                        Iterations               :	7
                        Solver time              :	1 s


                      ------------------------------------------------------------------------------
2026-08-08 01:19:50   Adaptive mesh refinement pass 2

                      ------------------------------------------------------------------------------
2026-08-08 01:19:54     Matrix setup time        :	1 s
                        Solver setup             :	1 s
                        Degrees of freedom       :	551114
                        Number of mesh cells     :	83975

                        Stimulation port         :	Zmin
                        Mode number              :	1
                        Accuracy                 :	8.81754e-05
                        Iterations               :	6
                        Solver time              :	1 s


                      ------------------------------------------------------------------------------
2026-08-08 01:19:55     Delta calculation        
2026-08-08 01:19:55     All S-Parameters         :	0.000271972
2026-08-08 01:19:55   

                      ------------------------------------------------------------------------------
2026-08-08 01:19:56   Adaptive mesh refinement pass 3

                      ------------------------------------------------------------------------------
2026-08-08 01:20:02     Matrix setup time        :	1 s
                        Solver setup             :	2 s
                        Degrees of freedom       :	574772
                        Number of mesh cells     :	87619

                        Stimulation port         :	Zmin
                        Mode number              :	1
                        Accuracy                 :	8.62405e-05
                        Iterations               :	6
                        Solver time              :	1 s


                      ------------------------------------------------------------------------------
2026-08-08 01:20:02     Delta calculation        
2026-08-08 01:20:02     All S-Parameters         :	1.08485e-05
2026-08-08 01:20:02   

                      ------------------------------------------------------------------------------
2026-08-08 01:20:02   Mesh adaptation terminated because the desired accuracy limit is reached.

                      ------------------------------------------------------------------------------
2026-08-08 01:20:02     Total time               :	18 s

                      ------------------------------------------------------------------------------
2026-08-08 01:20:02   

                      ------------------------------------------------------------------------------
2026-08-08 01:20:02     Calculation 12 (Frequency: 14.488 THz, Theta: 0, Phi: 0)


                      ------------------------------------------------------------------------------
2026-08-08 01:20:02   Running the PortModeSolver.

                      ------------------------------------------------------------------------------
2026-08-08 01:20:03   Adaptive mesh refinement pass 1

                      ------------------------------------------------------------------------------
2026-08-08 01:20:07     Matrix setup time        :	0 s
                        Solver setup             :	1 s
                        Degrees of freedom       :	574772
                        Number of mesh cells     :	87619

                        Stimulation port         :	Zmin
                        Mode number              :	1
                        Accuracy                 :	5.96578e-05
                        Iterations               :	7
                        Solver time              :	2 s


                      ------------------------------------------------------------------------------
2026-08-08 01:20:09   Adaptive mesh refinement pass 2

                      ------------------------------------------------------------------------------
2026-08-08 01:20:14     Matrix setup time        :	1 s
                        Solver setup             :	2 s
                        Degrees of freedom       :	598580
                        Number of mesh cells     :	91269

                        Stimulation port         :	Zmin
                        Mode number              :	1
                        Accuracy                 :	6.99226e-05
                        Iterations               :	6
                        Solver time              :	1 s


                      ------------------------------------------------------------------------------
2026-08-08 01:20:14     Delta calculation        
2026-08-08 01:20:14     All S-Parameters         :	0.000438398
2026-08-08 01:20:14   

                      ------------------------------------------------------------------------------
2026-08-08 01:20:16   Adaptive mesh refinement pass 3

                      ------------------------------------------------------------------------------
2026-08-08 01:20:22     Matrix setup time        :	1 s
                        Solver setup             :	2 s
                        Degrees of freedom       :	622334
                        Number of mesh cells     :	94919

                        Stimulation port         :	Zmin
                        Mode number              :	1
                        Accuracy                 :	6.80596e-05
                        Iterations               :	6
                        Solver time              :	2 s


                      ------------------------------------------------------------------------------
2026-08-08 01:20:22     Delta calculation        
2026-08-08 01:20:22     All S-Parameters         :	1.3117e-05
2026-08-08 01:20:22   

                      ------------------------------------------------------------------------------
2026-08-08 01:20:22   Mesh adaptation terminated because the desired accuracy limit is reached.

                      ------------------------------------------------------------------------------
2026-08-08 01:20:22     Total time               :	20 s

                      ------------------------------------------------------------------------------
2026-08-08 01:20:22   

                      ------------------------------------------------------------------------------
2026-08-08 01:20:22     Calculation 13 (Frequency: 24.736 THz, Theta: 0, Phi: 0)


                      ------------------------------------------------------------------------------
2026-08-08 01:20:22   Running the PortModeSolver.

                      ------------------------------------------------------------------------------
2026-08-08 01:20:23   Adaptive mesh refinement pass 1

                      ------------------------------------------------------------------------------
2026-08-08 01:20:29     Matrix setup time        :	0 s
                        Solver setup             :	1 s
                        Degrees of freedom       :	622334
                        Number of mesh cells     :	94919

                        Stimulation port         :	Zmin
                        Mode number              :	1
                        Accuracy                 :	8.48384e-05
                        Iterations               :	8
                        Solver time              :	2 s


                      ------------------------------------------------------------------------------
2026-08-08 01:20:30   Adaptive mesh refinement pass 2

                      ------------------------------------------------------------------------------
2026-08-08 01:20:37     Matrix setup time        :	1 s
                        Solver setup             :	2 s
                        Degrees of freedom       :	645848
                        Number of mesh cells     :	98546

                        Stimulation port         :	Zmin
                        Mode number              :	1
                        Accuracy                 :	6.70011e-05
                        Iterations               :	7
                        Solver time              :	2 s


                      ------------------------------------------------------------------------------
2026-08-08 01:20:37     Delta calculation        
2026-08-08 01:20:37     All S-Parameters         :	0.000271413
2026-08-08 01:20:37   

                      ------------------------------------------------------------------------------
2026-08-08 01:20:39   Adaptive mesh refinement pass 3

                      ------------------------------------------------------------------------------
2026-08-08 01:20:46     Matrix setup time        :	1 s
                        Solver setup             :	2 s
                        Degrees of freedom       :	669456
                        Number of mesh cells     :	102180

                        Stimulation port         :	Zmin
                        Mode number              :	1
                        Accuracy                 :	6.6228e-05
                        Iterations               :	7
                        Solver time              :	2 s


                      ------------------------------------------------------------------------------
2026-08-08 01:20:47     Delta calculation        
2026-08-08 01:20:47     All S-Parameters         :	3.54361e-05
2026-08-08 01:20:47   

                      ------------------------------------------------------------------------------
2026-08-08 01:20:47   Mesh adaptation terminated because the desired accuracy limit is reached.

                      ------------------------------------------------------------------------------
2026-08-08 01:20:47     Total time               :	24 s

                      ------------------------------------------------------------------------------
2026-08-08 01:20:47   

                      ------------------------------------------------------------------------------
2026-08-08 01:20:47     Calculation 14 (Frequency: 29.968 THz, Theta: 0, Phi: 0)


                      ------------------------------------------------------------------------------
2026-08-08 01:20:47   Running the PortModeSolver.

                      ------------------------------------------------------------------------------
2026-08-08 01:20:48   Adaptive mesh refinement pass 1

                      ------------------------------------------------------------------------------
2026-08-08 01:20:54     Matrix setup time        :	0 s
                        Solver setup             :	1 s
                        Degrees of freedom       :	669456
                        Number of mesh cells     :	102180

                        Stimulation port         :	Zmin
                        Mode number              :	1
                        Accuracy                 :	9.84256e-05
                        Iterations               :	8
                        Solver time              :	3 s


                      ------------------------------------------------------------------------------
2026-08-08 01:20:56   Adaptive mesh refinement pass 2

                      ------------------------------------------------------------------------------
2026-08-08 01:21:04     Matrix setup time        :	1 s
                        Solver setup             :	3 s
                        Degrees of freedom       :	693176
                        Number of mesh cells     :	105809

                        Stimulation port         :	Zmin
                        Mode number              :	1
                        Accuracy                 :	5.86915e-05
                        Iterations               :	8
                        Solver time              :	3 s


                      ------------------------------------------------------------------------------
2026-08-08 01:21:05     Delta calculation        
2026-08-08 01:21:05     All S-Parameters         :	0.000179744
2026-08-08 01:21:05   

                      ------------------------------------------------------------------------------
2026-08-08 01:21:07   Adaptive mesh refinement pass 3

                      ------------------------------------------------------------------------------
2026-08-08 01:21:15     Matrix setup time        :	1 s
                        Solver setup             :	3 s
                        Degrees of freedom       :	716712
                        Number of mesh cells     :	109451

                        Stimulation port         :	Zmin
                        Mode number              :	1
                        Accuracy                 :	6.32455e-05
                        Iterations               :	8
                        Solver time              :	3 s


                      ------------------------------------------------------------------------------
2026-08-08 01:21:15     Delta calculation        
2026-08-08 01:21:15     All S-Parameters         :	8.43776e-05
2026-08-08 01:21:15   

                      ------------------------------------------------------------------------------
2026-08-08 01:21:15   Mesh adaptation terminated because the desired accuracy limit is reached.

                      ------------------------------------------------------------------------------
2026-08-08 01:21:16     Total time               :	28 s

                      ------------------------------------------------------------------------------
2026-08-08 01:21:16   

                      ------------------------------------------------------------------------------
2026-08-08 01:21:16     Calculation 15 (Frequency: 11.464 THz, Theta: 0, Phi: 0)


                      ------------------------------------------------------------------------------
2026-08-08 01:21:16   Running the PortModeSolver.

                      ------------------------------------------------------------------------------
2026-08-08 01:21:17   Adaptive mesh refinement pass 1

                      ------------------------------------------------------------------------------
2026-08-08 01:21:22     Matrix setup time        :	0 s
                        Solver setup             :	2 s
                        Degrees of freedom       :	716712
                        Number of mesh cells     :	109451

                        Stimulation port         :	Zmin
                        Mode number              :	1
                        Accuracy                 :	4.82491e-05
                        Iterations               :	6
                        Solver time              :	2 s


                      ------------------------------------------------------------------------------
2026-08-08 01:21:25   Adaptive mesh refinement pass 2

                      ------------------------------------------------------------------------------
2026-08-08 01:21:32     Matrix setup time        :	1 s
                        Solver setup             :	3 s
                        Degrees of freedom       :	740374
                        Number of mesh cells     :	113095

                        Stimulation port         :	Zmin
                        Mode number              :	1
                        Accuracy                 :	4.76115e-05
                        Iterations               :	6
                        Solver time              :	2 s


                      ------------------------------------------------------------------------------
2026-08-08 01:21:33     Delta calculation        
2026-08-08 01:21:33     All S-Parameters         :	2.55053e-06
2026-08-08 01:21:33   

                      ------------------------------------------------------------------------------
2026-08-08 01:21:34   Adaptive mesh refinement pass 3

                      ------------------------------------------------------------------------------
2026-08-08 01:21:42     Matrix setup time        :	1 s
                        Solver setup             :	3 s
                        Degrees of freedom       :	763772
                        Number of mesh cells     :	116713

                        Stimulation port         :	Zmin
                        Mode number              :	1
                        Accuracy                 :	4.69736e-05
                        Iterations               :	6
                        Solver time              :	2 s


                      ------------------------------------------------------------------------------
2026-08-08 01:21:43     Delta calculation        
2026-08-08 01:21:43     All S-Parameters         :	1.4067e-06
2026-08-08 01:21:43   

                      ------------------------------------------------------------------------------
2026-08-08 01:21:43   Mesh adaptation terminated because the desired accuracy limit is reached.

                      ------------------------------------------------------------------------------
2026-08-08 01:21:43     Total time               :	27 s

                      ------------------------------------------------------------------------------
2026-08-08 01:21:43   

                      ------------------------------------------------------------------------------
2026-08-08 01:21:43     Calculation 16 (Frequency: 32.512 THz, Theta: 0, Phi: 0)


                      ------------------------------------------------------------------------------
2026-08-08 01:21:43   Running the PortModeSolver.

                      ------------------------------------------------------------------------------
2026-08-08 01:21:44   Adaptive mesh refinement pass 1

                      ------------------------------------------------------------------------------
2026-08-08 01:21:51     Matrix setup time        :	0 s
                        Solver setup             :	2 s
                        Degrees of freedom       :	763772
                        Number of mesh cells     :	116713

                        Stimulation port         :	Zmin
                        Mode number              :	1
                        Accuracy                 :	5.72877e-05
                        Iterations               :	8
                        Solver time              :	3 s


                      ------------------------------------------------------------------------------
2026-08-08 01:21:54   Adaptive mesh refinement pass 2

                      ------------------------------------------------------------------------------
2026-08-08 01:22:04     Matrix setup time        :	2 s
                        Solver setup             :	3 s
                        Degrees of freedom       :	787438
                        Number of mesh cells     :	120357

                        Stimulation port         :	Zmin
                        Mode number              :	1
                        Accuracy                 :	6.10346e-05
                        Iterations               :	8
                        Solver time              :	4 s


                      ------------------------------------------------------------------------------
2026-08-08 01:22:04     Delta calculation        
2026-08-08 01:22:04     All S-Parameters         :	5.78256e-05
2026-08-08 01:22:04   

                      ------------------------------------------------------------------------------
2026-08-08 01:22:07   Adaptive mesh refinement pass 3

                      ------------------------------------------------------------------------------
2026-08-08 01:22:17     Matrix setup time        :	1 s
                        Solver setup             :	3 s
                        Degrees of freedom       :	811122
                        Number of mesh cells     :	124000

                        Stimulation port         :	Zmin
                        Mode number              :	1
                        Accuracy                 :	6.06301e-05
                        Iterations               :	8
                        Solver time              :	3 s


                      ------------------------------------------------------------------------------
2026-08-08 01:22:17     Delta calculation        
2026-08-08 01:22:17     All S-Parameters         :	5.72897e-05
2026-08-08 01:22:17   

                      ------------------------------------------------------------------------------
2026-08-08 01:22:17   Mesh adaptation terminated because the desired accuracy limit is reached.

                      ------------------------------------------------------------------------------
2026-08-08 01:22:17     Total time               :	34 s

                      ------------------------------------------------------------------------------
2026-08-08 01:22:17   

                      ------------------------------------------------------------------------------
2026-08-08 01:22:17     Calculation 17 (Frequency: 10.552 THz, Theta: 0, Phi: 0)


                      ------------------------------------------------------------------------------
2026-08-08 01:22:17   Running the PortModeSolver.

                      ------------------------------------------------------------------------------
2026-08-08 01:22:18   Adaptive mesh refinement pass 1

                      ------------------------------------------------------------------------------
2026-08-08 01:22:25     Matrix setup time        :	0 s
                        Solver setup             :	3 s
                        Degrees of freedom       :	811122
                        Number of mesh cells     :	124000

                        Stimulation port         :	Zmin
                        Mode number              :	1
                        Accuracy                 :	8.96969e-05
                        Iterations               :	6
                        Solver time              :	2 s


                      ------------------------------------------------------------------------------
2026-08-08 01:22:28   Adaptive mesh refinement pass 2

                      ------------------------------------------------------------------------------
2026-08-08 01:22:37     Matrix setup time        :	1 s
                        Solver setup             :	3 s
                        Degrees of freedom       :	834726
                        Number of mesh cells     :	127638

                        Stimulation port         :	Zmin
                        Mode number              :	1
                        Accuracy                 :	5.37672e-05
                        Iterations               :	7
                        Solver time              :	3 s


                      ------------------------------------------------------------------------------
2026-08-08 01:22:37     Delta calculation        
2026-08-08 01:22:37     All S-Parameters         :	7.81944e-05
2026-08-08 01:22:37   

                      ------------------------------------------------------------------------------
2026-08-08 01:22:40   Adaptive mesh refinement pass 3

                      ------------------------------------------------------------------------------
2026-08-08 01:22:50     Matrix setup time        :	1 s
                        Solver setup             :	4 s
                        Degrees of freedom       :	858372
                        Number of mesh cells     :	131292

                        Stimulation port         :	Zmin
                        Mode number              :	1
                        Accuracy                 :	4.82977e-05
                        Iterations               :	7
                        Solver time              :	3 s


                      ------------------------------------------------------------------------------
2026-08-08 01:22:50     Delta calculation        
2026-08-08 01:22:50     All S-Parameters         :	5.07343e-05
2026-08-08 01:22:50   

                      ------------------------------------------------------------------------------
2026-08-08 01:22:50   Mesh adaptation terminated because the desired accuracy limit is reached.

                      ------------------------------------------------------------------------------
2026-08-08 01:22:50     Total time               :	33 s

                      ------------------------------------------------------------------------------
2026-08-08 01:22:50   

                      ------------------------------------------------------------------------------
2026-08-08 01:22:51   Some adaptive mesh refinement samples will be recalculated because the mesh has changed significantly.

                      ------------------------------------------------------------------------------
2026-08-08 01:22:51     Calculation 1 (Frequency: 34 THz, Theta: 0, Phi: 0)


                      ------------------------------------------------------------------------------
2026-08-08 01:22:51   Running the PortModeSolver.

                      ------------------------------------------------------------------------------
2026-08-08 01:23:00     Matrix setup time        :	0 s
                        Solver setup             :	3 s
                        Degrees of freedom       :	858372
                        Number of mesh cells     :	131292

                        Stimulation port         :	Zmin
                        Mode number              :	1
                        Accuracy                 :	9.33053e-05
                        Iterations               :	8
                        Solver time              :	4 s


                      ------------------------------------------------------------------------------
2026-08-08 01:23:00     Total time               :	9 s

                      ------------------------------------------------------------------------------
2026-08-08 01:23:00   

                      ------------------------------------------------------------------------------
2026-08-08 01:23:00     Calculation 2 (Frequency: 10 THz, Theta: 0, Phi: 0)


                      ------------------------------------------------------------------------------
2026-08-08 01:23:00   Running the PortModeSolver.

                      ------------------------------------------------------------------------------
2026-08-08 01:23:08     Matrix setup time        :	0 s
                        Solver setup             :	3 s
                        Degrees of freedom       :	858372
                        Number of mesh cells     :	131292

                        Stimulation port         :	Zmin
                        Mode number              :	1
                        Accuracy                 :	3.72662e-05
                        Iterations               :	5
                        Solver time              :	2 s


                      ------------------------------------------------------------------------------
2026-08-08 01:23:08     Total time               :	7 s

                      ------------------------------------------------------------------------------
2026-08-08 01:23:08   

                      ------------------------------------------------------------------------------
2026-08-08 01:23:08   Finished the general purpose interpolative broadband frequency sweep:
                      All broadband sweep convergence criteria have been satisfied after
                      calculating 17 frequency samples:

                        Broadband sweep error threshold value :  0.01 (All S-Parameters) 
                        Number of error criterion checks      :  2 (All S-Parameters) 
                        Minimum number of samples             :  3
                        Number of data samples, linear        :  1001

                      ------------------------------------------------------------------------------
2026-08-08 01:23:08     Number of mesh cells     :	131292
                        Degrees of freedom       :	838188
                        Total Solver Time        :	319 s	 (= 0 h, 05 m, 19 s)
                        Free disk space          :	315 GB
                        Disk space delta         :	1 GB
                      ================================================================================



                      ------------------------------------------------------------------------------
2026-08-08 01:23:09     ----------------------------------------------------------------------------
                                            Peak memory used (GB)         Free physical memory (GB) 
                                                                          At begin     Minimum      
                        ----------------------------------------------------------------------------
                        Solver start        0.029                         35.234       35.233       
                        Eq. system setup    1.408                         35.179       32.979       
                        Eq. system solve    3.281                         35.182       31.480       
                        Mesh refinement     1.354                         35.113       33.253       
                        Field monitor calc. 1.424                         33.524       33.439       
                        Solver run total    3.261                         35.234       31.480       

                        Computer name       Hikari
                        ----------------------------------------------------------------------------


                      ------------------------------------------------------------------------------
2026-08-08 01:23:09   Running post-processing.

                      ------------------------------------------------------------------------------
2026-08-08 01:23:13   Post-processing finished.

                      ------------------------------------------------------------------------------
